# DO NOT EDIT! Generated by protoc-gen-graphql.

type ProtocGenGraphqlTestBasic_ScalarFields {
  stringField: String!
  bytesField: String!
  int32Field: Float!
  uint32Field: Float!
  sint32Field: Float!
  fixed32Field: Float!
  int64Field: Float!
  uint64Field: Float!
  sint64Field: Float!
  fixed64Field: Float!
  floatField: Float!
  doubleField: Float!
  boolField: Boolean!
}

type ProtocGenGraphqlTestBasic_ComplexFields {
  messageField: ProtocGenGraphqlTestBasic_ScalarFields
  enumField: ProtocGenGraphqlTestBasic_EnumType!
  repeatedScalarField: [String!]!
  repeatedMessageField: [ProtocGenGraphqlTestBasic_ScalarFields!]!
  mapField: [ProtocGenGraphqlTestBasic_ComplexFields_MapFieldEntry!]!
  oneofField: ProtocGenGraphqlTestBasic_ComplexFields_OneofFieldOneof
  emptyField: ProtocGenGraphqlTestBasic_Empty
}

union ProtocGenGraphqlTestBasic_ComplexFields_OneofFieldOneof = ProtocGenGraphqlTestBasic_ComplexFields_OneofFieldOneof_First | ProtocGenGraphqlTestBasic_ComplexFields_OneofFieldOneof_Second

type ProtocGenGraphqlTestBasic_ComplexFields_OneofFieldOneof_First {
  _typename: String
  first: String!
}

type ProtocGenGraphqlTestBasic_ComplexFields_OneofFieldOneof_Second {
  _typename: String
  second: ProtocGenGraphqlTestBasic_ScalarFields
}

type ProtocGenGraphqlTestBasic_ComplexFields_MapFieldEntry {
  key: String!
  value: ProtocGenGraphqlTestBasic_EnumType!
}

type ProtocGenGraphqlTestBasic_Outer {
  middle: ProtocGenGraphqlTestBasic_Outer_Middle
  inner: ProtocGenGraphqlTestBasic_Outer_Middle_Inner
}

type ProtocGenGraphqlTestBasic_Outer_Middle {
  middleName: String!
}

type ProtocGenGraphqlTestBasic_Outer_Middle_Inner {
  innerName: String!
}

type ProtocGenGraphqlTestBasic_Empty {
  _empty: Boolean
}

enum ProtocGenGraphqlTestBasic_EnumType {
  UNKNOWN
  FIRST
  SECOND
}

enum ProtocGenGraphqlTestBasic_UnusedEnum {
  ZERO
}
