# DO NOT EDIT! Generated by protoc-gen-graphql.

type ProtocGenGraphqlTestWrappers_Wrappers {
  bool_value: Boolean
  bytes_value: String
  double_value: Float
  float_value: Float
  int32_value: Int
  int64_value: Float
  string_value: String
  uint32_value: Float
  uint64_value: Float
  bool_values: [Boolean]!
}
