# DO NOT EDIT! Generated by protoc-gen-graphql.

extend type Query {
  foo: ProtocGenGraphqlTestExtensions_Foo_Query
}

type ProtocGenGraphqlTestExtensions_Foo_Query {
  query_method(input: ProtocGenGraphqlTestExtensions_RequestInput!): ProtocGenGraphqlTestExtensions_Response!
  unknown_method(input: ProtocGenGraphqlTestExtensions_RequestInput!): ProtocGenGraphqlTestExtensions_Response!
}

extend type Mutation {
  foo: ProtocGenGraphqlTestExtensions_Foo_Mutation
}

type ProtocGenGraphqlTestExtensions_Foo_Mutation {
  mutation_method(input: ProtocGenGraphqlTestExtensions_RequestInput!): ProtocGenGraphqlTestExtensions_Response!
}

extend type Subscription {
  foo: ProtocGenGraphqlTestExtensions_Foo_Subscription
}

type ProtocGenGraphqlTestExtensions_Foo_Subscription {
  subscription_method(input: ProtocGenGraphqlTestExtensions_RequestInput!): ProtocGenGraphqlTestExtensions_Response!
}

type ProtocGenGraphqlTestExtensions_Request {
  id: String!
}

input ProtocGenGraphqlTestExtensions_RequestInput {
  id: String!
}

type ProtocGenGraphqlTestExtensions_Response {
  name: String!
}
