# DO NOT EDIT! Generated by protoc-gen-graphql.

type ProtocGenGraphqlTestProto2_Test {
  optionalField: String
  requiredField: String!
  repeatedField: [String!]!
}
