# DO NOT EDIT! Generated by protoc-gen-graphql.

type ProtocGenGraphqlTestGrpc_RequestB {
  id: String!
}

input ProtocGenGraphqlTestGrpc_RequestB_Input {
  id: String!
}

type ProtocGenGraphqlTestGrpc_ResponseB {
  id: String!
}
