# DO NOT EDIT! Generated by protoc-gen-graphql.

type ProtocGenGraphqlTestGrpc_ServiceA_Query {
  MethodA(input: ProtocGenGraphqlTestGrpc_RequestA_Input!): ProtocGenGraphqlTestGrpc_ResponseA!
  MethodB(input: ProtocGenGraphqlTestGrpc_RequestB_Input!): ProtocGenGraphqlTestGrpc_ResponseB!
}

type ProtocGenGraphqlTestGrpc_RequestA {
  string_field: String!
  request_aa: Boolean
  request_aaa: [ProtocGenGraphqlTestGrpc_RequestA_RequestAA_RequestAAA]!
  map_field: [ProtocGenGraphqlTestGrpc_RequestA_MapField!]!
  oneof_field: ProtocGenGraphqlTestGrpc_RequestA_OneofField
}

union ProtocGenGraphqlTestGrpc_RequestA_OneofField = ProtocGenGraphqlTestGrpc_RequestA_OneofField_FirstOneofValue | ProtocGenGraphqlTestGrpc_RequestA_OneofField_SecondOneofValue

type ProtocGenGraphqlTestGrpc_RequestA_OneofField_FirstOneofValue {
  first_oneof_value: String!
}

type ProtocGenGraphqlTestGrpc_RequestA_OneofField_SecondOneofValue {
  second_oneof_value: Boolean
}

input ProtocGenGraphqlTestGrpc_RequestA_Input {
  string_field: String!
  request_aa: Boolean
  request_aaa: [ProtocGenGraphqlTestGrpc_RequestA_RequestAA_RequestAAA_Input]!
  map_field: [ProtocGenGraphqlTestGrpc_RequestA_MapField_Input!]!
  oneof_field: ProtocGenGraphqlTestGrpc_RequestA_OneofField_Input
}

input ProtocGenGraphqlTestGrpc_RequestA_OneofField_Input {
  first_oneof_value: String
  second_oneof_value: Boolean
}

type ProtocGenGraphqlTestGrpc_RequestA_RequestAA_RequestAAA {
  aaa: String!
}

input ProtocGenGraphqlTestGrpc_RequestA_RequestAA_RequestAAA_Input {
  aaa: String!
}

type ProtocGenGraphqlTestGrpc_RequestA_MapField {
  key: String!
  value: ProtocGenGraphqlTestGrpc_EnumType!
}

input ProtocGenGraphqlTestGrpc_RequestA_MapField_Input {
  key: String!
  value: ProtocGenGraphqlTestGrpc_EnumType!
}

type ProtocGenGraphqlTestGrpc_ResponseA {
  string_field: String!
}

enum ProtocGenGraphqlTestGrpc_EnumType {
  UNKNOWN
  FIRST
  SECOND
}
